Testing User A...
User A created workout for: 69515ff72ded215037d2899d
Testing User B...
User B created workout for: 69515ff72ded215037d289a2
SUCCESS: Users are different!
